// Jest Snapshot v1, https://goo.gl/fbAQLP

exports[`SpanText Units Page Check has span tag 1`] = `
<div>
  <span
    class="mcm-span-unit jest-span-test"
    style="color: red;"
  >
    span 태그 테스트
  </span>
</div>
`;

exports[`SpanText Units Page Sanpshot 1`] = `
<div>
  <span
    class="mcm-span-unit jest-span-test"
    style="color: red;"
  >
    span 태그 테스트
  </span>
</div>
`;
